#-----------------------------------------------------------
# Vivado v2016.2 (64-bit)
# SW Build 1577090 on Thu Jun  2 16:32:40 MDT 2016
# IP Build 1577682 on Fri Jun  3 12:00:54 MDT 2016
# Start of session at: Sat Feb 18 12:49:18 2017
# Process ID: 10292
# Current directory: H:/Desktop/SeniorDesign/Final Code/Final_FifoBuffers
# Command line: vivado.exe -gui_launcher_event rodinguilauncherevent9240 H:\Desktop\SeniorDesign\Final Code\Final_FifoBuffers\Fifo_Buffers.xpr
# Log file: H:/Desktop/SeniorDesign/Final Code/Final_FifoBuffers/vivado.log
# Journal file: H:/Desktop/SeniorDesign/Final Code/Final_FifoBuffers\vivado.jou
#-----------------------------------------------------------
start_gui
open_project {H:/Desktop/SeniorDesign/Final Code/Final_FifoBuffers/Fifo_Buffers.xpr}
update_compile_order -fileset sources_1
reset_run synth_1
launch_runs synth_1
wait_on_run synth_1
launch_runs impl_1
wait_on_run impl_1
launch_simulation -mode post-implementation -type timing
source FifoTesting_tb.tcl
close_sim
reset_run synth_1
launch_runs synth_1
wait_on_run synth_1
launch_runs impl_1
wait_on_run impl_1
launch_simulation -mode post-implementation -type timing
source FifoTesting_tb.tcl
update_compile_order -fileset sources_1
update_compile_order -fileset sources_1
reset_run synth_1
launch_runs synth_1
wait_on_run synth_1
launch_runs impl_1
wait_on_run impl_1
close_sim
launch_simulation -mode post-implementation -type timing
source FifoTesting_tb.tcl
close_sim
launch_simulation
source FifoTesting_tb.tcl
close_sim
launch_simulation
source FifoTesting_tb.tcl
close_sim
launch_simulation
source FifoTesting_tb.tcl
run 100 us
close_sim
launch_simulation
update_compile_order -fileset sources_1
update_compile_order -fileset sources_1
launch_simulation
source FifoTesting_tb.tcl
run 1000 us
reset_run synth_1
launch_runs synth_1
wait_on_run synth_1
launch_runs impl_1
wait_on_run impl_1
launch_simulation -mode post-implementation -type timing
source FifoTesting_tb.tcl
reset_run synth_1
launch_runs synth_1
wait_on_run synth_1
launch_runs impl_1
wait_on_run impl_1
close_sim
launch_simulation -mode post-implementation -type timing
source FifoTesting_tb.tcl
reset_run synth_1
launch_runs synth_1
wait_on_run synth_1
launch_runs impl_1
wait_on_run impl_1
close_sim
launch_simulation -mode post-implementation -type timing
source FifoTesting_tb.tcl
reset_run synth_1
launch_runs synth_1
wait_on_run synth_1
launch_runs impl_1
wait_on_run impl_1
close_sim
close_sim
launch_simulation -mode post-implementation -type timing
source FifoTesting_tb.tcl
close_sim
launch_simulation -mode post-implementation -type timing
source FifoTesting_tb.tcl
reset_run synth_1
launch_runs synth_1
wait_on_run synth_1
launch_runs impl_1
wait_on_run impl_1
close_sim
launch_simulation -mode post-implementation -type timing
source FifoTesting_tb.tcl
close_sim
