Copyright 1986-2016 Xilinx, Inc. All Rights Reserved.
----------------------------------------------------------------------------------------------------------------------------------------------------------------------------------
| Tool Version     : Vivado v.2016.3 (win64) Build 1682563 Mon Oct 10 19:07:27 MDT 2016
| Date             : Sun Apr 02 13:07:45 2017
| Host             : DESKTOP-7PO5321 running 64-bit major release  (build 9200)
| Command          : report_power -file TopLevel_Convolution_power_routed.rpt -pb TopLevel_Convolution_power_summary_routed.pb -rpx TopLevel_Convolution_power_routed.rpx
| Design           : TopLevel_Convolution
| Device           : xc7z020clg484-1
| Design State     : routed
| Grade            : commercial
| Process          : typical
| Characterization : Production
----------------------------------------------------------------------------------------------------------------------------------------------------------------------------------

Power Report

Table of Contents
-----------------
1. Summary
1.1 On-Chip Components
1.2 Power Supply Summary
1.3 Confidence Level
2. Settings
2.1 Environment
2.2 Clock Constraints
3. Detailed Reports
3.1 By Hierarchy

1. Summary
----------

+--------------------------+----------------------------------+
| Total On-Chip Power (W)  | 30.594 (Junction temp exceeded!) |
| Dynamic (W)              | 29.554                           |
| Device Static (W)        | 1.040                            |
| Effective TJA (C/W)      | 11.5                             |
| Max Ambient (C)          | 0.0                              |
| Junction Temperature (C) | 125.0                            |
| Confidence Level         | Low                              |
| Setting File             | ---                              |
| Simulation Activity File | ---                              |
| Design Nets Matched      | NA                               |
+--------------------------+----------------------------------+


1.1 On-Chip Components
----------------------

+--------------------------+-----------+----------+-----------+-----------------+
| On-Chip                  | Power (W) | Used     | Available | Utilization (%) |
+--------------------------+-----------+----------+-----------+-----------------+
| Slice Logic              |     6.729 |    13068 |       --- |             --- |
|   LUT as Logic           |     4.456 |     2907 |     53200 |            5.46 |
|   Register               |     1.100 |     8222 |    106400 |            7.73 |
|   CARRY4                 |     0.915 |      762 |     13300 |            5.73 |
|   LUT as Distributed RAM |     0.239 |      112 |     17400 |            0.64 |
|   BUFG                   |     0.012 |        2 |        32 |            6.25 |
|   LUT as Shift Register  |     0.008 |       30 |     17400 |            0.17 |
|   Others                 |     0.000 |      727 |       --- |             --- |
| Signals                  |    16.988 |    12000 |       --- |             --- |
| DSPs                     |     3.203 |      153 |       220 |           69.55 |
| I/O                      |     2.634 |       53 |       200 |           26.50 |
| Static Power             |     1.040 |          |           |                 |
| Total                    |    30.594 |          |           |                 |
+--------------------------+-----------+----------+-----------+-----------------+


1.2 Power Supply Summary
------------------------

+-----------+-------------+-----------+-------------+------------+
| Source    | Voltage (V) | Total (A) | Dynamic (A) | Static (A) |
+-----------+-------------+-----------+-------------+------------+
| Vccint    |       1.000 |    27.330 |      27.032 |      0.299 |
| Vccaux    |       1.800 |     0.307 |       0.206 |      0.100 |
| Vcco33    |       3.300 |     0.000 |       0.000 |      0.000 |
| Vcco25    |       2.500 |     0.000 |       0.000 |      0.000 |
| Vcco18    |       1.800 |     1.196 |       1.195 |      0.001 |
| Vcco15    |       1.500 |     0.000 |       0.000 |      0.000 |
| Vcco135   |       1.350 |     0.000 |       0.000 |      0.000 |
| Vcco12    |       1.200 |     0.000 |       0.000 |      0.000 |
| Vccaux_io |       1.800 |     0.000 |       0.000 |      0.000 |
| Vccbram   |       1.000 |     0.026 |       0.000 |      0.026 |
| MGTAVcc   |       1.000 |     0.000 |       0.000 |      0.000 |
| MGTAVtt   |       1.200 |     0.000 |       0.000 |      0.000 |
| MGTVccaux |       1.800 |     0.000 |       0.000 |      0.000 |
| Vccpint   |       1.000 |     0.473 |       0.000 |      0.473 |
| Vccpaux   |       1.800 |     0.010 |       0.000 |      0.010 |
| Vccpll    |       1.800 |     0.003 |       0.000 |      0.003 |
| Vcco_ddr  |       1.500 |     0.000 |       0.000 |      0.000 |
| Vcco_mio0 |       1.800 |     0.000 |       0.000 |      0.000 |
| Vcco_mio1 |       1.800 |     0.000 |       0.000 |      0.000 |
| Vccadc    |       1.800 |     0.020 |       0.000 |      0.020 |
+-----------+-------------+-----------+-------------+------------+


1.3 Confidence Level
--------------------

+-----------------------------+------------+--------------------------------------------------------+--------------------------------------------------------------------------------------------------------------------+
| User Input Data             | Confidence | Details                                                | Action                                                                                                             |
+-----------------------------+------------+--------------------------------------------------------+--------------------------------------------------------------------------------------------------------------------+
| Design implementation state | High       | Design is routed                                       |                                                                                                                    |
| Clock nodes activity        | Low        | User specified less than 75% of clocks                 | Provide missing clock activity with a constraint file, simulation results or by editing the "By Clock Domain" view |
| I/O nodes activity          | Low        | More than 75% of inputs are missing user specification | Provide missing input activity with simulation results or by editing the "By Resource Type -> I/Os" view           |
| Internal nodes activity     | Medium     | User specified less than 25% of internal nodes         | Provide missing internal nodes activity with simulation results or by editing the "By Resource Type" views         |
| Device models               | High       | Device models are Production                           |                                                                                                                    |
|                             |            |                                                        |                                                                                                                    |
| Overall confidence level    | Low        |                                                        |                                                                                                                    |
+-----------------------------+------------+--------------------------------------------------------+--------------------------------------------------------------------------------------------------------------------+


2. Settings
-----------

2.1 Environment
---------------

+-----------------------+------------------------+
| Ambient Temp (C)      | 25.0                   |
| ThetaJA (C/W)         | 11.5                   |
| Airflow (LFM)         | 250                    |
| Heat Sink             | none                   |
| ThetaSA (C/W)         | 0.0                    |
| Board Selection       | medium (10"x10")       |
| # of Board Layers     | 8to11 (8 to 11 Layers) |
| Board Temperature (C) | 25.0                   |
+-----------------------+------------------------+


2.2 Clock Constraints
---------------------

+-------+--------+-----------------+
| Clock | Domain | Constraint (ns) |
+-------+--------+-----------------+


3. Detailed Reports
-------------------

3.1 By Hierarchy
----------------

+-----------------------------------------------------------------------------+-----------+
| Name                                                                        | Power (W) |
+-----------------------------------------------------------------------------+-----------+
| TopLevel_Convolution                                                        |    29.554 |
|   ConEngine_Blue                                                            |     4.207 |
|     DSP_1                                                                   |     0.018 |
|       U0                                                                    |     0.018 |
|         i_mult                                                              |     0.018 |
|           gDSP.gDSP_only.iDSP                                               |     0.018 |
|     DSP_10                                                                  |     0.019 |
|       U0                                                                    |     0.019 |
|         i_mult                                                              |     0.019 |
|           gDSP.gDSP_only.iDSP                                               |     0.019 |
|     DSP_11                                                                  |     0.021 |
|       U0                                                                    |     0.021 |
|         i_mult                                                              |     0.021 |
|           gDSP.gDSP_only.iDSP                                               |     0.021 |
|     DSP_12                                                                  |     0.019 |
|       U0                                                                    |     0.019 |
|         i_mult                                                              |     0.019 |
|           gDSP.gDSP_only.iDSP                                               |     0.019 |
|     DSP_13                                                                  |     0.019 |
|       U0                                                                    |     0.019 |
|         i_mult                                                              |     0.019 |
|           gDSP.gDSP_only.iDSP                                               |     0.019 |
|     DSP_14                                                                  |     0.019 |
|       U0                                                                    |     0.019 |
|         i_mult                                                              |     0.019 |
|           gDSP.gDSP_only.iDSP                                               |     0.019 |
|     DSP_15                                                                  |     0.019 |
|       U0                                                                    |     0.019 |
|         i_mult                                                              |     0.019 |
|           gDSP.gDSP_only.iDSP                                               |     0.019 |
|     DSP_16                                                                  |     0.019 |
|       U0                                                                    |     0.019 |
|         i_mult                                                              |     0.019 |
|           gDSP.gDSP_only.iDSP                                               |     0.019 |
|     DSP_17                                                                  |     0.018 |
|       U0                                                                    |     0.018 |
|         i_mult                                                              |     0.018 |
|           gDSP.gDSP_only.iDSP                                               |     0.018 |
|     DSP_18                                                                  |     0.019 |
|       U0                                                                    |     0.019 |
|         i_mult                                                              |     0.019 |
|           gDSP.gDSP_only.iDSP                                               |     0.019 |
|     DSP_19                                                                  |     0.019 |
|       U0                                                                    |     0.019 |
|         i_mult                                                              |     0.019 |
|           gDSP.gDSP_only.iDSP                                               |     0.019 |
|     DSP_2                                                                   |     0.018 |
|       U0                                                                    |     0.018 |
|         i_mult                                                              |     0.018 |
|           gDSP.gDSP_only.iDSP                                               |     0.018 |
|     DSP_20                                                                  |     0.018 |
|       U0                                                                    |     0.018 |
|         i_mult                                                              |     0.018 |
|           gDSP.gDSP_only.iDSP                                               |     0.018 |
|     DSP_21                                                                  |     0.019 |
|       U0                                                                    |     0.019 |
|         i_mult                                                              |     0.019 |
|           gDSP.gDSP_only.iDSP                                               |     0.019 |
|     DSP_22                                                                  |     0.018 |
|       U0                                                                    |     0.018 |
|         i_mult                                                              |     0.018 |
|           gDSP.gDSP_only.iDSP                                               |     0.018 |
|     DSP_23                                                                  |     0.018 |
|       U0                                                                    |     0.018 |
|         i_mult                                                              |     0.018 |
|           gDSP.gDSP_only.iDSP                                               |     0.018 |
|     DSP_24                                                                  |     0.018 |
|       U0                                                                    |     0.018 |
|         i_mult                                                              |     0.018 |
|           gDSP.gDSP_only.iDSP                                               |     0.018 |
|     DSP_25                                                                  |     0.019 |
|       U0                                                                    |     0.019 |
|         i_mult                                                              |     0.019 |
|           gDSP.gDSP_only.iDSP                                               |     0.019 |
|     DSP_26                                                                  |     0.019 |
|       U0                                                                    |     0.019 |
|         i_mult                                                              |     0.019 |
|           gDSP.gDSP_only.iDSP                                               |     0.019 |
|     DSP_27                                                                  |     0.018 |
|       U0                                                                    |     0.018 |
|         i_mult                                                              |     0.018 |
|           gDSP.gDSP_only.iDSP                                               |     0.018 |
|     DSP_28                                                                  |     0.019 |
|       U0                                                                    |     0.019 |
|         i_mult                                                              |     0.019 |
|           gDSP.gDSP_only.iDSP                                               |     0.019 |
|     DSP_29                                                                  |     0.018 |
|       U0                                                                    |     0.018 |
|         i_mult                                                              |     0.018 |
|           gDSP.gDSP_only.iDSP                                               |     0.018 |
|     DSP_3                                                                   |     0.019 |
|       U0                                                                    |     0.019 |
|         i_mult                                                              |     0.019 |
|           gDSP.gDSP_only.iDSP                                               |     0.019 |
|     DSP_30                                                                  |     0.018 |
|       U0                                                                    |     0.018 |
|         i_mult                                                              |     0.018 |
|           gDSP.gDSP_only.iDSP                                               |     0.018 |
|     DSP_31                                                                  |     0.019 |
|       U0                                                                    |     0.019 |
|         i_mult                                                              |     0.019 |
|           gDSP.gDSP_only.iDSP                                               |     0.019 |
|     DSP_32                                                                  |     0.018 |
|       U0                                                                    |     0.018 |
|         i_mult                                                              |     0.018 |
|           gDSP.gDSP_only.iDSP                                               |     0.018 |
|     DSP_33                                                                  |     0.019 |
|       U0                                                                    |     0.019 |
|         i_mult                                                              |     0.019 |
|           gDSP.gDSP_only.iDSP                                               |     0.019 |
|     DSP_34                                                                  |     0.019 |
|       U0                                                                    |     0.019 |
|         i_mult                                                              |     0.019 |
|           gDSP.gDSP_only.iDSP                                               |     0.019 |
|     DSP_35                                                                  |     0.019 |
|       U0                                                                    |     0.019 |
|         i_mult                                                              |     0.019 |
|           gDSP.gDSP_only.iDSP                                               |     0.019 |
|     DSP_36                                                                  |     0.018 |
|       U0                                                                    |     0.018 |
|         i_mult                                                              |     0.018 |
|           gDSP.gDSP_only.iDSP                                               |     0.018 |
|     DSP_37                                                                  |     0.018 |
|       U0                                                                    |     0.018 |
|         i_mult                                                              |     0.018 |
|           gDSP.gDSP_only.iDSP                                               |     0.018 |
|     DSP_38                                                                  |     0.019 |
|       U0                                                                    |     0.019 |
|         i_mult                                                              |     0.019 |
|           gDSP.gDSP_only.iDSP                                               |     0.019 |
|     DSP_39                                                                  |     0.019 |
|       U0                                                                    |     0.019 |
|         i_mult                                                              |     0.019 |
|           gDSP.gDSP_only.iDSP                                               |     0.019 |
|     DSP_4                                                                   |     0.019 |
|       U0                                                                    |     0.019 |
|         i_mult                                                              |     0.019 |
|           gDSP.gDSP_only.iDSP                                               |     0.019 |
|     DSP_40                                                                  |     0.019 |
|       U0                                                                    |     0.019 |
|         i_mult                                                              |     0.019 |
|           gDSP.gDSP_only.iDSP                                               |     0.019 |
|     DSP_41                                                                  |     0.018 |
|       U0                                                                    |     0.018 |
|         i_mult                                                              |     0.018 |
|           gDSP.gDSP_only.iDSP                                               |     0.018 |
|     DSP_42                                                                  |     0.018 |
|       U0                                                                    |     0.018 |
|         i_mult                                                              |     0.018 |
|           gDSP.gDSP_only.iDSP                                               |     0.018 |
|     DSP_43                                                                  |     0.019 |
|       U0                                                                    |     0.019 |
|         i_mult                                                              |     0.019 |
|           gDSP.gDSP_only.iDSP                                               |     0.019 |
|     DSP_44                                                                  |     0.018 |
|       U0                                                                    |     0.018 |
|         i_mult                                                              |     0.018 |
|           gDSP.gDSP_only.iDSP                                               |     0.018 |
|     DSP_45                                                                  |     0.018 |
|       U0                                                                    |     0.018 |
|         i_mult                                                              |     0.018 |
|           gDSP.gDSP_only.iDSP                                               |     0.018 |
|     DSP_46                                                                  |     0.019 |
|       U0                                                                    |     0.019 |
|         i_mult                                                              |     0.019 |
|           gDSP.gDSP_only.iDSP                                               |     0.019 |
|     DSP_47                                                                  |     0.019 |
|       U0                                                                    |     0.019 |
|         i_mult                                                              |     0.019 |
|           gDSP.gDSP_only.iDSP                                               |     0.019 |
|     DSP_48                                                                  |     0.019 |
|       U0                                                                    |     0.019 |
|         i_mult                                                              |     0.019 |
|           gDSP.gDSP_only.iDSP                                               |     0.019 |
|     DSP_49                                                                  |     0.020 |
|       U0                                                                    |     0.020 |
|         i_mult                                                              |     0.020 |
|           gDSP.gDSP_only.iDSP                                               |     0.020 |
|     DSP_5                                                                   |     0.018 |
|       U0                                                                    |     0.018 |
|         i_mult                                                              |     0.018 |
|           gDSP.gDSP_only.iDSP                                               |     0.018 |
|     DSP_6                                                                   |     0.019 |
|       U0                                                                    |     0.019 |
|         i_mult                                                              |     0.019 |
|           gDSP.gDSP_only.iDSP                                               |     0.019 |
|     DSP_7                                                                   |     0.019 |
|       U0                                                                    |     0.019 |
|         i_mult                                                              |     0.019 |
|           gDSP.gDSP_only.iDSP                                               |     0.019 |
|     DSP_8                                                                   |     0.019 |
|       U0                                                                    |     0.019 |
|         i_mult                                                              |     0.019 |
|           gDSP.gDSP_only.iDSP                                               |     0.019 |
|     DSP_9                                                                   |     0.018 |
|       U0                                                                    |     0.018 |
|         i_mult                                                              |     0.018 |
|           gDSP.gDSP_only.iDSP                                               |     0.018 |
|   ConEngine_Green                                                           |     4.212 |
|     DSP_1                                                                   |     0.018 |
|       U0                                                                    |     0.018 |
|         i_mult                                                              |     0.018 |
|           gDSP.gDSP_only.iDSP                                               |     0.018 |
|     DSP_10                                                                  |     0.019 |
|       U0                                                                    |     0.019 |
|         i_mult                                                              |     0.019 |
|           gDSP.gDSP_only.iDSP                                               |     0.019 |
|     DSP_11                                                                  |     0.021 |
|       U0                                                                    |     0.021 |
|         i_mult                                                              |     0.021 |
|           gDSP.gDSP_only.iDSP                                               |     0.021 |
|     DSP_12                                                                  |     0.019 |
|       U0                                                                    |     0.019 |
|         i_mult                                                              |     0.019 |
|           gDSP.gDSP_only.iDSP                                               |     0.019 |
|     DSP_13                                                                  |     0.019 |
|       U0                                                                    |     0.019 |
|         i_mult                                                              |     0.019 |
|           gDSP.gDSP_only.iDSP                                               |     0.019 |
|     DSP_14                                                                  |     0.018 |
|       U0                                                                    |     0.018 |
|         i_mult                                                              |     0.018 |
|           gDSP.gDSP_only.iDSP                                               |     0.018 |
|     DSP_15                                                                  |     0.018 |
|       U0                                                                    |     0.018 |
|         i_mult                                                              |     0.018 |
|           gDSP.gDSP_only.iDSP                                               |     0.018 |
|     DSP_16                                                                  |     0.018 |
|       U0                                                                    |     0.018 |
|         i_mult                                                              |     0.018 |
|           gDSP.gDSP_only.iDSP                                               |     0.018 |
|     DSP_17                                                                  |     0.019 |
|       U0                                                                    |     0.019 |
|         i_mult                                                              |     0.019 |
|           gDSP.gDSP_only.iDSP                                               |     0.019 |
|     DSP_18                                                                  |     0.019 |
|       U0                                                                    |     0.019 |
|         i_mult                                                              |     0.019 |
|           gDSP.gDSP_only.iDSP                                               |     0.019 |
|     DSP_19                                                                  |     0.019 |
|       U0                                                                    |     0.019 |
|         i_mult                                                              |     0.019 |
|           gDSP.gDSP_only.iDSP                                               |     0.019 |
|     DSP_2                                                                   |     0.018 |
|       U0                                                                    |     0.018 |
|         i_mult                                                              |     0.018 |
|           gDSP.gDSP_only.iDSP                                               |     0.018 |
|     DSP_20                                                                  |     0.019 |
|       U0                                                                    |     0.019 |
|         i_mult                                                              |     0.019 |
|           gDSP.gDSP_only.iDSP                                               |     0.019 |
|     DSP_21                                                                  |     0.019 |
|       U0                                                                    |     0.019 |
|         i_mult                                                              |     0.019 |
|           gDSP.gDSP_only.iDSP                                               |     0.019 |
|     DSP_22                                                                  |     0.018 |
|       U0                                                                    |     0.018 |
|         i_mult                                                              |     0.018 |
|           gDSP.gDSP_only.iDSP                                               |     0.018 |
|     DSP_23                                                                  |     0.018 |
|       U0                                                                    |     0.018 |
|         i_mult                                                              |     0.018 |
|           gDSP.gDSP_only.iDSP                                               |     0.018 |
|     DSP_24                                                                  |     0.018 |
|       U0                                                                    |     0.018 |
|         i_mult                                                              |     0.018 |
|           gDSP.gDSP_only.iDSP                                               |     0.018 |
|     DSP_25                                                                  |     0.019 |
|       U0                                                                    |     0.019 |
|         i_mult                                                              |     0.019 |
|           gDSP.gDSP_only.iDSP                                               |     0.019 |
|     DSP_26                                                                  |     0.018 |
|       U0                                                                    |     0.018 |
|         i_mult                                                              |     0.018 |
|           gDSP.gDSP_only.iDSP                                               |     0.018 |
|     DSP_27                                                                  |     0.018 |
|       U0                                                                    |     0.018 |
|         i_mult                                                              |     0.018 |
|           gDSP.gDSP_only.iDSP                                               |     0.018 |
|     DSP_28                                                                  |     0.018 |
|       U0                                                                    |     0.018 |
|         i_mult                                                              |     0.018 |
|           gDSP.gDSP_only.iDSP                                               |     0.018 |
|     DSP_29                                                                  |     0.019 |
|       U0                                                                    |     0.019 |
|         i_mult                                                              |     0.019 |
|           gDSP.gDSP_only.iDSP                                               |     0.019 |
|     DSP_3                                                                   |     0.019 |
|       U0                                                                    |     0.019 |
|         i_mult                                                              |     0.019 |
|           gDSP.gDSP_only.iDSP                                               |     0.019 |
|     DSP_30                                                                  |     0.019 |
|       U0                                                                    |     0.019 |
|         i_mult                                                              |     0.019 |
|           gDSP.gDSP_only.iDSP                                               |     0.019 |
|     DSP_31                                                                  |     0.019 |
|       U0                                                                    |     0.019 |
|         i_mult                                                              |     0.019 |
|           gDSP.gDSP_only.iDSP                                               |     0.019 |
|     DSP_32                                                                  |     0.018 |
|       U0                                                                    |     0.018 |
|         i_mult                                                              |     0.018 |
|           gDSP.gDSP_only.iDSP                                               |     0.018 |
|     DSP_33                                                                  |     0.019 |
|       U0                                                                    |     0.019 |
|         i_mult                                                              |     0.019 |
|           gDSP.gDSP_only.iDSP                                               |     0.019 |
|     DSP_34                                                                  |     0.019 |
|       U0                                                                    |     0.019 |
|         i_mult                                                              |     0.019 |
|           gDSP.gDSP_only.iDSP                                               |     0.019 |
|     DSP_35                                                                  |     0.018 |
|       U0                                                                    |     0.018 |
|         i_mult                                                              |     0.018 |
|           gDSP.gDSP_only.iDSP                                               |     0.018 |
|     DSP_36                                                                  |     0.019 |
|       U0                                                                    |     0.019 |
|         i_mult                                                              |     0.019 |
|           gDSP.gDSP_only.iDSP                                               |     0.019 |
|     DSP_37                                                                  |     0.019 |
|       U0                                                                    |     0.019 |
|         i_mult                                                              |     0.019 |
|           gDSP.gDSP_only.iDSP                                               |     0.019 |
|     DSP_38                                                                  |     0.019 |
|       U0                                                                    |     0.019 |
|         i_mult                                                              |     0.019 |
|           gDSP.gDSP_only.iDSP                                               |     0.019 |
|     DSP_39                                                                  |     0.019 |
|       U0                                                                    |     0.019 |
|         i_mult                                                              |     0.019 |
|           gDSP.gDSP_only.iDSP                                               |     0.019 |
|     DSP_4                                                                   |     0.019 |
|       U0                                                                    |     0.019 |
|         i_mult                                                              |     0.019 |
|           gDSP.gDSP_only.iDSP                                               |     0.019 |
|     DSP_40                                                                  |     0.018 |
|       U0                                                                    |     0.018 |
|         i_mult                                                              |     0.018 |
|           gDSP.gDSP_only.iDSP                                               |     0.018 |
|     DSP_41                                                                  |     0.018 |
|       U0                                                                    |     0.018 |
|         i_mult                                                              |     0.018 |
|           gDSP.gDSP_only.iDSP                                               |     0.018 |
|     DSP_42                                                                  |     0.019 |
|       U0                                                                    |     0.019 |
|         i_mult                                                              |     0.019 |
|           gDSP.gDSP_only.iDSP                                               |     0.019 |
|     DSP_43                                                                  |     0.018 |
|       U0                                                                    |     0.018 |
|         i_mult                                                              |     0.018 |
|           gDSP.gDSP_only.iDSP                                               |     0.018 |
|     DSP_44                                                                  |     0.019 |
|       U0                                                                    |     0.019 |
|         i_mult                                                              |     0.019 |
|           gDSP.gDSP_only.iDSP                                               |     0.019 |
|     DSP_45                                                                  |     0.019 |
|       U0                                                                    |     0.019 |
|         i_mult                                                              |     0.019 |
|           gDSP.gDSP_only.iDSP                                               |     0.019 |
|     DSP_46                                                                  |     0.019 |
|       U0                                                                    |     0.019 |
|         i_mult                                                              |     0.019 |
|           gDSP.gDSP_only.iDSP                                               |     0.019 |
|     DSP_47                                                                  |     0.019 |
|       U0                                                                    |     0.019 |
|         i_mult                                                              |     0.019 |
|           gDSP.gDSP_only.iDSP                                               |     0.019 |
|     DSP_48                                                                  |     0.018 |
|       U0                                                                    |     0.018 |
|         i_mult                                                              |     0.018 |
|           gDSP.gDSP_only.iDSP                                               |     0.018 |
|     DSP_49                                                                  |     0.018 |
|       U0                                                                    |     0.018 |
|         i_mult                                                              |     0.018 |
|           gDSP.gDSP_only.iDSP                                               |     0.018 |
|     DSP_5                                                                   |     0.019 |
|       U0                                                                    |     0.019 |
|         i_mult                                                              |     0.019 |
|           gDSP.gDSP_only.iDSP                                               |     0.019 |
|     DSP_6                                                                   |     0.019 |
|       U0                                                                    |     0.019 |
|         i_mult                                                              |     0.019 |
|           gDSP.gDSP_only.iDSP                                               |     0.019 |
|     DSP_7                                                                   |     0.019 |
|       U0                                                                    |     0.019 |
|         i_mult                                                              |     0.019 |
|           gDSP.gDSP_only.iDSP                                               |     0.019 |
|     DSP_8                                                                   |     0.018 |
|       U0                                                                    |     0.018 |
|         i_mult                                                              |     0.018 |
|           gDSP.gDSP_only.iDSP                                               |     0.018 |
|     DSP_9                                                                   |     0.018 |
|       U0                                                                    |     0.018 |
|         i_mult                                                              |     0.018 |
|           gDSP.gDSP_only.iDSP                                               |     0.018 |
|   ConEngine_Red                                                             |     4.348 |
|     DSP_1                                                                   |     0.019 |
|       U0                                                                    |     0.019 |
|         i_mult                                                              |     0.019 |
|           gDSP.gDSP_only.iDSP                                               |     0.019 |
|     DSP_10                                                                  |     0.018 |
|       U0                                                                    |     0.018 |
|         i_mult                                                              |     0.018 |
|           gDSP.gDSP_only.iDSP                                               |     0.018 |
|     DSP_11                                                                  |     0.021 |
|       U0                                                                    |     0.021 |
|         i_mult                                                              |     0.021 |
|           gDSP.gDSP_only.iDSP                                               |     0.021 |
|     DSP_12                                                                  |     0.019 |
|       U0                                                                    |     0.019 |
|         i_mult                                                              |     0.019 |
|           gDSP.gDSP_only.iDSP                                               |     0.019 |
|     DSP_13                                                                  |     0.019 |
|       U0                                                                    |     0.019 |
|         i_mult                                                              |     0.019 |
|           gDSP.gDSP_only.iDSP                                               |     0.019 |
|     DSP_14                                                                  |     0.018 |
|       U0                                                                    |     0.018 |
|         i_mult                                                              |     0.018 |
|           gDSP.gDSP_only.iDSP                                               |     0.018 |
|     DSP_15                                                                  |     0.019 |
|       U0                                                                    |     0.019 |
|         i_mult                                                              |     0.019 |
|           gDSP.gDSP_only.iDSP                                               |     0.019 |
|     DSP_16                                                                  |     0.019 |
|       U0                                                                    |     0.019 |
|         i_mult                                                              |     0.019 |
|           gDSP.gDSP_only.iDSP                                               |     0.019 |
|     DSP_17                                                                  |     0.019 |
|       U0                                                                    |     0.019 |
|         i_mult                                                              |     0.019 |
|           gDSP.gDSP_only.iDSP                                               |     0.019 |
|     DSP_18                                                                  |     0.019 |
|       U0                                                                    |     0.019 |
|         i_mult                                                              |     0.019 |
|           gDSP.gDSP_only.iDSP                                               |     0.019 |
|     DSP_19                                                                  |     0.019 |
|       U0                                                                    |     0.019 |
|         i_mult                                                              |     0.019 |
|           gDSP.gDSP_only.iDSP                                               |     0.019 |
|     DSP_2                                                                   |     0.019 |
|       U0                                                                    |     0.019 |
|         i_mult                                                              |     0.019 |
|           gDSP.gDSP_only.iDSP                                               |     0.019 |
|     DSP_20                                                                  |     0.019 |
|       U0                                                                    |     0.019 |
|         i_mult                                                              |     0.019 |
|           gDSP.gDSP_only.iDSP                                               |     0.019 |
|     DSP_21                                                                  |     0.018 |
|       U0                                                                    |     0.018 |
|         i_mult                                                              |     0.018 |
|           gDSP.gDSP_only.iDSP                                               |     0.018 |
|     DSP_22                                                                  |     0.019 |
|       U0                                                                    |     0.019 |
|         i_mult                                                              |     0.019 |
|           gDSP.gDSP_only.iDSP                                               |     0.019 |
|     DSP_23                                                                  |     0.018 |
|       U0                                                                    |     0.018 |
|         i_mult                                                              |     0.018 |
|           gDSP.gDSP_only.iDSP                                               |     0.018 |
|     DSP_24                                                                  |     0.018 |
|       U0                                                                    |     0.018 |
|         i_mult                                                              |     0.018 |
|           gDSP.gDSP_only.iDSP                                               |     0.018 |
|     DSP_25                                                                  |     0.019 |
|       U0                                                                    |     0.019 |
|         i_mult                                                              |     0.019 |
|           gDSP.gDSP_only.iDSP                                               |     0.019 |
|     DSP_26                                                                  |     0.018 |
|       U0                                                                    |     0.018 |
|         i_mult                                                              |     0.018 |
|           gDSP.gDSP_only.iDSP                                               |     0.018 |
|     DSP_27                                                                  |     0.018 |
|       U0                                                                    |     0.018 |
|         i_mult                                                              |     0.018 |
|           gDSP.gDSP_only.iDSP                                               |     0.018 |
|     DSP_28                                                                  |     0.018 |
|       U0                                                                    |     0.018 |
|         i_mult                                                              |     0.018 |
|           gDSP.gDSP_only.iDSP                                               |     0.018 |
|     DSP_29                                                                  |     0.019 |
|       U0                                                                    |     0.019 |
|         i_mult                                                              |     0.019 |
|           gDSP.gDSP_only.iDSP                                               |     0.019 |
|     DSP_3                                                                   |     0.019 |
|       U0                                                                    |     0.019 |
|         i_mult                                                              |     0.019 |
|           gDSP.gDSP_only.iDSP                                               |     0.019 |
|     DSP_30                                                                  |     0.019 |
|       U0                                                                    |     0.019 |
|         i_mult                                                              |     0.019 |
|           gDSP.gDSP_only.iDSP                                               |     0.019 |
|     DSP_31                                                                  |     0.018 |
|       U0                                                                    |     0.018 |
|         i_mult                                                              |     0.018 |
|           gDSP.gDSP_only.iDSP                                               |     0.018 |
|     DSP_32                                                                  |     0.018 |
|       U0                                                                    |     0.018 |
|         i_mult                                                              |     0.018 |
|           gDSP.gDSP_only.iDSP                                               |     0.018 |
|     DSP_33                                                                  |     0.018 |
|       U0                                                                    |     0.018 |
|         i_mult                                                              |     0.018 |
|           gDSP.gDSP_only.iDSP                                               |     0.018 |
|     DSP_34                                                                  |     0.019 |
|       U0                                                                    |     0.019 |
|         i_mult                                                              |     0.019 |
|           gDSP.gDSP_only.iDSP                                               |     0.019 |
|     DSP_35                                                                  |     0.018 |
|       U0                                                                    |     0.018 |
|         i_mult                                                              |     0.018 |
|           gDSP.gDSP_only.iDSP                                               |     0.018 |
|     DSP_36                                                                  |     0.019 |
|       U0                                                                    |     0.019 |
|         i_mult                                                              |     0.019 |
|           gDSP.gDSP_only.iDSP                                               |     0.019 |
|     DSP_37                                                                  |     0.019 |
|       U0                                                                    |     0.019 |
|         i_mult                                                              |     0.019 |
|           gDSP.gDSP_only.iDSP                                               |     0.019 |
|     DSP_38                                                                  |     0.019 |
|       U0                                                                    |     0.019 |
|         i_mult                                                              |     0.019 |
|           gDSP.gDSP_only.iDSP                                               |     0.019 |
|     DSP_39                                                                  |     0.018 |
|       U0                                                                    |     0.018 |
|         i_mult                                                              |     0.018 |
|           gDSP.gDSP_only.iDSP                                               |     0.018 |
|     DSP_4                                                                   |     0.019 |
|       U0                                                                    |     0.019 |
|         i_mult                                                              |     0.019 |
|           gDSP.gDSP_only.iDSP                                               |     0.019 |
|     DSP_40                                                                  |     0.018 |
|       U0                                                                    |     0.018 |
|         i_mult                                                              |     0.018 |
|           gDSP.gDSP_only.iDSP                                               |     0.018 |
|     DSP_41                                                                  |     0.020 |
|       U0                                                                    |     0.020 |
|         i_mult                                                              |     0.020 |
|           gDSP.gDSP_only.iDSP                                               |     0.020 |
|     DSP_42                                                                  |     0.018 |
|       U0                                                                    |     0.018 |
|         i_mult                                                              |     0.018 |
|           gDSP.gDSP_only.iDSP                                               |     0.018 |
|     DSP_43                                                                  |     0.018 |
|       U0                                                                    |     0.018 |
|         i_mult                                                              |     0.018 |
|           gDSP.gDSP_only.iDSP                                               |     0.018 |
|     DSP_44                                                                  |     0.018 |
|       U0                                                                    |     0.018 |
|         i_mult                                                              |     0.018 |
|           gDSP.gDSP_only.iDSP                                               |     0.018 |
|     DSP_45                                                                  |     0.019 |
|       U0                                                                    |     0.019 |
|         i_mult                                                              |     0.019 |
|           gDSP.gDSP_only.iDSP                                               |     0.019 |
|     DSP_46                                                                  |     0.019 |
|       U0                                                                    |     0.019 |
|         i_mult                                                              |     0.019 |
|           gDSP.gDSP_only.iDSP                                               |     0.019 |
|     DSP_47                                                                  |     0.018 |
|       U0                                                                    |     0.018 |
|         i_mult                                                              |     0.018 |
|           gDSP.gDSP_only.iDSP                                               |     0.018 |
|     DSP_48                                                                  |     0.019 |
|       U0                                                                    |     0.019 |
|         i_mult                                                              |     0.019 |
|           gDSP.gDSP_only.iDSP                                               |     0.019 |
|     DSP_49                                                                  |     0.020 |
|       U0                                                                    |     0.020 |
|         i_mult                                                              |     0.020 |
|           gDSP.gDSP_only.iDSP                                               |     0.020 |
|     DSP_5                                                                   |     0.019 |
|       U0                                                                    |     0.019 |
|         i_mult                                                              |     0.019 |
|           gDSP.gDSP_only.iDSP                                               |     0.019 |
|     DSP_6                                                                   |     0.019 |
|       U0                                                                    |     0.019 |
|         i_mult                                                              |     0.019 |
|           gDSP.gDSP_only.iDSP                                               |     0.019 |
|     DSP_7                                                                   |     0.018 |
|       U0                                                                    |     0.018 |
|         i_mult                                                              |     0.018 |
|           gDSP.gDSP_only.iDSP                                               |     0.018 |
|     DSP_8                                                                   |     0.018 |
|       U0                                                                    |     0.018 |
|         i_mult                                                              |     0.018 |
|           gDSP.gDSP_only.iDSP                                               |     0.018 |
|     DSP_9                                                                   |     0.018 |
|       U0                                                                    |     0.018 |
|         i_mult                                                              |     0.018 |
|           gDSP.gDSP_only.iDSP                                               |     0.018 |
|   Reg_1_1                                                                   |     0.218 |
|   Reg_1_2                                                                   |     0.186 |
|   Reg_1_3                                                                   |     0.187 |
|   Reg_1_4                                                                   |     0.200 |
|   Reg_1_5                                                                   |     0.206 |
|   Reg_1_6                                                                   |     0.208 |
|   Reg_1_7                                                                   |     0.171 |
|   Reg_2_1                                                                   |     0.191 |
|   Reg_2_2                                                                   |     0.204 |
|   Reg_2_3                                                                   |     0.190 |
|   Reg_2_4                                                                   |     0.170 |
|   Reg_2_5                                                                   |     0.209 |
|   Reg_2_6                                                                   |     0.192 |
|   Reg_2_7                                                                   |     0.251 |
|   Reg_3_1                                                                   |     0.234 |
|   Reg_3_2                                                                   |     0.252 |
|   Reg_3_3                                                                   |     0.249 |
|   Reg_3_4                                                                   |     0.203 |
|   Reg_3_5                                                                   |     0.175 |
|   Reg_3_6                                                                   |     0.201 |
|   Reg_3_7                                                                   |     0.204 |
|   Reg_4_1                                                                   |     0.163 |
|   Reg_4_2                                                                   |     0.194 |
|   Reg_4_3                                                                   |     0.196 |
|   Reg_4_4                                                                   |     0.204 |
|   Reg_4_5                                                                   |     0.171 |
|   Reg_4_6                                                                   |     0.197 |
|   Reg_4_7                                                                   |     0.186 |
|   Reg_5_1                                                                   |     0.214 |
|   Reg_5_2                                                                   |     0.212 |
|   Reg_5_3                                                                   |     0.215 |
|   Reg_5_4                                                                   |     0.235 |
|   Reg_5_5                                                                   |     0.220 |
|   Reg_5_6                                                                   |     0.208 |
|   Reg_5_7                                                                   |     0.179 |
|   Reg_6_1                                                                   |     0.186 |
|   Reg_6_2                                                                   |     0.199 |
|   Reg_6_3                                                                   |     0.208 |
|   Reg_6_4                                                                   |     0.271 |
|   Reg_6_5                                                                   |     0.272 |
|   Reg_6_6                                                                   |     0.291 |
|   Reg_6_7                                                                   |     0.258 |
|   Reg_7_1                                                                   |     0.215 |
|   Reg_7_2                                                                   |     0.212 |
|   Reg_7_3                                                                   |     0.221 |
|   Reg_7_4                                                                   |     0.230 |
|   Reg_7_5                                                                   |     0.242 |
|   Reg_7_6                                                                   |     0.265 |
|   Reg_7_7                                                                   |     0.259 |
|   Tff                                                                       |     0.003 |
|   divide_blue                                                               |     0.296 |
|     mult_result                                                             |     0.256 |
|       U0                                                                    |     0.256 |
|         i_mult                                                              |     0.256 |
|           gDSP.gDSP_only.iDSP                                               |     0.256 |
|             use_prim.appDSP48[0].bppDSP48[0].need_output_delay.output_delay |     0.007 |
|   divide_green                                                              |     0.295 |
|     mult_result                                                             |     0.256 |
|       U0                                                                    |     0.256 |
|         i_mult                                                              |     0.256 |
|           gDSP.gDSP_only.iDSP                                               |     0.256 |
|             use_prim.appDSP48[0].bppDSP48[0].need_output_delay.output_delay |     0.007 |
|   divide_red                                                                |     0.293 |
|     mult_result                                                             |     0.255 |
|       U0                                                                    |     0.255 |
|         i_mult                                                              |     0.255 |
|           gDSP.gDSP_only.iDSP                                               |     0.255 |
|             use_prim.appDSP48[0].bppDSP48[0].need_output_delay.output_delay |     0.007 |
|   fifo_1                                                                    |     0.354 |
|     buf_mem_reg_0_7_0_5                                                     |     0.025 |
|     buf_mem_reg_0_7_12_17                                                   |     0.023 |
|     buf_mem_reg_0_7_18_23                                                   |     0.023 |
|     buf_mem_reg_0_7_6_11                                                    |     0.024 |
|   fifo_2                                                                    |     0.348 |
|     buf_mem_reg_0_7_0_5                                                     |     0.011 |
|     buf_mem_reg_0_7_12_17                                                   |     0.012 |
|     buf_mem_reg_0_7_18_23                                                   |     0.011 |
|     buf_mem_reg_0_7_6_11                                                    |     0.012 |
|   fifo_3                                                                    |     0.336 |
|     buf_mem_reg_0_7_0_5                                                     |     0.011 |
|     buf_mem_reg_0_7_12_17                                                   |     0.012 |
|     buf_mem_reg_0_7_18_23                                                   |     0.012 |
|     buf_mem_reg_0_7_6_11                                                    |     0.012 |
|   fifo_4                                                                    |     0.316 |
|     buf_mem_reg_0_7_0_5                                                     |     0.011 |
|     buf_mem_reg_0_7_12_17                                                   |     0.011 |
|     buf_mem_reg_0_7_18_23                                                   |     0.011 |
|     buf_mem_reg_0_7_6_11                                                    |     0.011 |
|   fifo_5                                                                    |     0.326 |
|     buf_mem_reg_0_7_0_5                                                     |     0.011 |
|     buf_mem_reg_0_7_12_17                                                   |     0.011 |
|     buf_mem_reg_0_7_18_23                                                   |     0.011 |
|     buf_mem_reg_0_7_6_11                                                    |     0.011 |
|   fifo_6                                                                    |     0.333 |
|     buf_mem_reg_0_7_0_5                                                     |     0.012 |
|     buf_mem_reg_0_7_12_17                                                   |     0.012 |
|     buf_mem_reg_0_7_18_23                                                   |     0.011 |
|     buf_mem_reg_0_7_6_11                                                    |     0.011 |
|   fifo_7                                                                    |     0.331 |
|     buf_mem_reg_0_7_0_5                                                     |     0.011 |
|     buf_mem_reg_0_7_12_17                                                   |     0.012 |
|     buf_mem_reg_0_7_18_23                                                   |     0.011 |
|     buf_mem_reg_0_7_6_11                                                    |     0.012 |
+-----------------------------------------------------------------------------+-----------+


